// Jest Snapshot v1, https://goo.gl/fbAQLP

exports[`TagButton renders a default state 1`] = `
<div>
  <div
    class="fui-TagButton"
  >
    <div
      class="fui-TagButton__content"
      tabindex="0"
    >
      <span
        class="fui-TagButton__media"
      >
        media
      </span>
      <span
        class="fui-TagButton__icon"
      >
        i
      </span>
      <span
        class="fui-TagButton__primaryText"
      >
        Default TagButton
      </span>
      <span
        class="fui-TagButton__secondaryText"
      >
        Secondary text
      </span>
    </div>
    <button
      class="fui-Button fui-TagButton__dismissButton"
      type="button"
    >
      <span
        class="fui-Button__icon"
      >
        <svg
          aria-hidden="true"
          class="fui-Icon-filled"
          fill="currentColor"
          height="1em"
          viewBox="0 0 20 20"
          width="1em"
          xmlns="http://www.w3.org/2000/svg"
        >
          <path
            d="m3.9 4.05.07-.08a.75.75 0 0 1 .98-.07l.08.07L10 8.94l4.97-4.97a.75.75 0 0 1 .98-.07l.08.07c.27.27.3.68.07.98l-.07.08L11.06 10l4.97 4.97c.27.27.3.68.07.98l-.07.08a.75.75 0 0 1-.98.07l-.08-.07L10 11.06l-4.97 4.97a.75.75 0 0 1-.98.07l-.08-.07a.75.75 0 0 1-.07-.98l.07-.08L8.94 10 3.97 5.03a.75.75 0 0 1-.07-.98l.07-.08-.07.08Z"
            fill="currentColor"
          />
        </svg>
        <svg
          aria-hidden="true"
          class="fui-Icon-regular"
          fill="currentColor"
          height="1em"
          viewBox="0 0 20 20"
          width="1em"
          xmlns="http://www.w3.org/2000/svg"
        >
          <path
            d="m4.09 4.22.06-.07a.5.5 0 0 1 .63-.06l.07.06L10 9.29l5.15-5.14a.5.5 0 0 1 .63-.06l.07.06c.18.17.2.44.06.63l-.06.07L10.71 10l5.14 5.15c.18.17.2.44.06.63l-.06.07a.5.5 0 0 1-.63.06l-.07-.06L10 10.71l-5.15 5.14a.5.5 0 0 1-.63.06l-.07-.06a.5.5 0 0 1-.06-.63l.06-.07L9.29 10 4.15 4.85a.5.5 0 0 1-.06-.63l.06-.07-.06.07Z"
            fill="currentColor"
          />
        </svg>
      </span>
    </button>
  </div>
</div>
`;
